// Jest Snapshot v1, https://goo.gl/fbAQLP

exports[`<MovieCardReviews/> is rendered correctly 1`] = `
<div
  className="movie-card__reviews movie-card__row"
>
  <div
    className="movie-card__reviews-col"
  >
    <div
      className="review"
    >
      <blockquote
        className="review__quote"
      >
        <p
          className="review__text"
        >
          Poised to be an instant classic, almost everything about this film is phenomenal - the acting, the cinematography, the discography, etc.
        </p>
        <footer
          className="review__details"
        >
          <cite
            className="review__author"
          >
            Isaac
          </cite>
          <time
            className="review__date"
            dateTime="2020-03-06T05:40:57.360Z"
          >
            March 6, 2020
          </time>
        </footer>
      </blockquote>
      <div
        className="review__rating"
      >
        2.6
      </div>
    </div>
    <div
      className="review"
    >
      <blockquote
        className="review__quote"
      >
        <p
          className="review__text"
        >
          This movie is just plain bad. There must be some big payola going round this awards season. Badly written, average acting at best, all the characters are unrelatable and inlikeable. 2 hours of my life wasted.
        </p>
        <footer
          className="review__details"
        >
          <cite
            className="review__author"
          >
            Mollie
          </cite>
          <time
            className="review__date"
            dateTime="2020-03-17T05:40:57.360Z"
          >
            March 17, 2020
          </time>
        </footer>
      </blockquote>
      <div
        className="review__rating"
      >
        5.9
      </div>
    </div>
  </div>
</div>
`;
